| tests.c:76:9:76:15 | call to fprintf | This operation exposes system data from $@. | tests.c:60:13:60:22 | call to LogonUserA | call to LogonUserA |
