| test.cpp:63:3:71:3 | { ... } | it is possible to dereference a pointer when accessing a buffer, since it is possible to throw an exception before the memory for the bufMyData is allocated |
| test.cpp:178:3:180:3 | { ... } | perhaps a situation of uncertainty due to the repeated call of the delete function for the variable valData |
| test.cpp:216:3:218:3 | { ... } | perhaps a situation of uncertainty due to the repeated call of the delete function for the variable valData |
