edges
| MybatisSqlInjection.java:62:19:62:43 | name : String | MybatisSqlInjection.java:63:35:63:38 | name : String |
| MybatisSqlInjection.java:63:35:63:38 | name : String | MybatisSqlInjectionService.java:48:19:48:29 | name : String |
| MybatisSqlInjection.java:94:21:94:45 | name : String | MybatisSqlInjection.java:95:37:95:40 | name : String |
| MybatisSqlInjection.java:95:37:95:40 | name : String | MybatisSqlInjectionService.java:76:21:76:31 | name : String |
| MybatisSqlInjection.java:99:21:99:44 | age : String | MybatisSqlInjection.java:100:37:100:39 | age : String |
| MybatisSqlInjection.java:100:37:100:39 | age : String | MybatisSqlInjectionService.java:80:21:80:30 | age : String |
| MybatisSqlInjectionService.java:48:19:48:29 | name : String | MybatisSqlInjectionService.java:50:23:50:26 | name : String |
| MybatisSqlInjectionService.java:50:3:50:9 | hashMap [post update] [<map.value>] : String | MybatisSqlInjectionService.java:51:27:51:33 | hashMap |
| MybatisSqlInjectionService.java:50:23:50:26 | name : String | MybatisSqlInjectionService.java:50:3:50:9 | hashMap [post update] [<map.value>] : String |
| MybatisSqlInjectionService.java:76:21:76:31 | name : String | MybatisSqlInjectionService.java:77:29:77:32 | name |
| MybatisSqlInjectionService.java:80:21:80:30 | age : String | MybatisSqlInjectionService.java:81:29:81:31 | age |
nodes
| MybatisSqlInjection.java:62:19:62:43 | name : String | semmle.label | name : String |
| MybatisSqlInjection.java:63:35:63:38 | name : String | semmle.label | name : String |
| MybatisSqlInjection.java:94:21:94:45 | name : String | semmle.label | name : String |
| MybatisSqlInjection.java:95:37:95:40 | name : String | semmle.label | name : String |
| MybatisSqlInjection.java:99:21:99:44 | age : String | semmle.label | age : String |
| MybatisSqlInjection.java:100:37:100:39 | age : String | semmle.label | age : String |
| MybatisSqlInjectionService.java:48:19:48:29 | name : String | semmle.label | name : String |
| MybatisSqlInjectionService.java:50:3:50:9 | hashMap [post update] [<map.value>] : String | semmle.label | hashMap [post update] [<map.value>] : String |
| MybatisSqlInjectionService.java:50:23:50:26 | name : String | semmle.label | name : String |
| MybatisSqlInjectionService.java:51:27:51:33 | hashMap | semmle.label | hashMap |
| MybatisSqlInjectionService.java:76:21:76:31 | name : String | semmle.label | name : String |
| MybatisSqlInjectionService.java:77:29:77:32 | name | semmle.label | name |
| MybatisSqlInjectionService.java:80:21:80:30 | age : String | semmle.label | age : String |
| MybatisSqlInjectionService.java:81:29:81:31 | age | semmle.label | age |
subpaths
#select
| MybatisSqlInjectionService.java:51:27:51:33 | hashMap | MybatisSqlInjection.java:62:19:62:43 | name : String | MybatisSqlInjectionService.java:51:27:51:33 | hashMap | MyBatis annotation SQL injection might include code from $@ to $@. | MybatisSqlInjection.java:62:19:62:43 | name | this user input | SqlInjectionMapper.java:33:2:33:54 | Select | this SQL operation |
