| object_literals.swift:3:5:3:42 | #fileLiteral(...) | getKind: | 0 |
| object_literals.swift:4:5:4:61 | #colorLiteral(...) | getKind: | 2 |
| object_literals.swift:5:5:5:44 | #imageLiteral(...) | getKind: | 1 |
