edges
| IncorrectNumericConversion.go:26:2:26:28 | ... := ...[0] : int | IncorrectNumericConversion.go:35:41:35:50 | type conversion |
| IncorrectNumericConversion.go:54:3:54:36 | ... := ...[0] : int | IncorrectNumericConversion.go:58:7:58:18 | type conversion |
| IncorrectNumericConversion.go:61:3:61:36 | ... := ...[0] : int | IncorrectNumericConversion.go:65:7:65:19 | type conversion |
| IncorrectNumericConversion.go:68:3:68:36 | ... := ...[0] : int | IncorrectNumericConversion.go:72:7:72:19 | type conversion |
| IncorrectNumericConversion.go:75:3:75:36 | ... := ...[0] : int | IncorrectNumericConversion.go:79:7:79:19 | type conversion |
| IncorrectNumericConversion.go:82:3:82:36 | ... := ...[0] : int | IncorrectNumericConversion.go:86:7:86:20 | type conversion |
| IncorrectNumericConversion.go:89:3:89:36 | ... := ...[0] : int | IncorrectNumericConversion.go:93:7:93:20 | type conversion |
| IncorrectNumericConversion.go:96:3:96:36 | ... := ...[0] : int | IncorrectNumericConversion.go:100:7:100:21 | type conversion |
| IncorrectNumericConversion.go:103:3:103:36 | ... := ...[0] : int | IncorrectNumericConversion.go:108:7:108:18 | type conversion |
| IncorrectNumericConversion.go:112:3:112:36 | ... := ...[0] : int | IncorrectNumericConversion.go:116:7:116:23 | type conversion |
nodes
| IncorrectNumericConversion.go:26:2:26:28 | ... := ...[0] : int | semmle.label | ... := ...[0] : int |
| IncorrectNumericConversion.go:35:41:35:50 | type conversion | semmle.label | type conversion |
| IncorrectNumericConversion.go:54:3:54:36 | ... := ...[0] : int | semmle.label | ... := ...[0] : int |
| IncorrectNumericConversion.go:58:7:58:18 | type conversion | semmle.label | type conversion |
| IncorrectNumericConversion.go:61:3:61:36 | ... := ...[0] : int | semmle.label | ... := ...[0] : int |
| IncorrectNumericConversion.go:65:7:65:19 | type conversion | semmle.label | type conversion |
| IncorrectNumericConversion.go:68:3:68:36 | ... := ...[0] : int | semmle.label | ... := ...[0] : int |
| IncorrectNumericConversion.go:72:7:72:19 | type conversion | semmle.label | type conversion |
| IncorrectNumericConversion.go:75:3:75:36 | ... := ...[0] : int | semmle.label | ... := ...[0] : int |
| IncorrectNumericConversion.go:79:7:79:19 | type conversion | semmle.label | type conversion |
| IncorrectNumericConversion.go:82:3:82:36 | ... := ...[0] : int | semmle.label | ... := ...[0] : int |
| IncorrectNumericConversion.go:86:7:86:20 | type conversion | semmle.label | type conversion |
| IncorrectNumericConversion.go:89:3:89:36 | ... := ...[0] : int | semmle.label | ... := ...[0] : int |
| IncorrectNumericConversion.go:93:7:93:20 | type conversion | semmle.label | type conversion |
| IncorrectNumericConversion.go:96:3:96:36 | ... := ...[0] : int | semmle.label | ... := ...[0] : int |
| IncorrectNumericConversion.go:100:7:100:21 | type conversion | semmle.label | type conversion |
| IncorrectNumericConversion.go:103:3:103:36 | ... := ...[0] : int | semmle.label | ... := ...[0] : int |
| IncorrectNumericConversion.go:108:7:108:18 | type conversion | semmle.label | type conversion |
| IncorrectNumericConversion.go:112:3:112:36 | ... := ...[0] : int | semmle.label | ... := ...[0] : int |
| IncorrectNumericConversion.go:116:7:116:23 | type conversion | semmle.label | type conversion |
#select
| IncorrectNumericConversion.go:26:2:26:28 | ... := ...[0] : int | IncorrectNumericConversion.go:26:2:26:28 | ... := ...[0] : int | IncorrectNumericConversion.go:35:41:35:50 | type conversion | Incorrect type conversion of int from strconv.Atoi result to another numeric type |
| IncorrectNumericConversion.go:54:3:54:36 | ... := ...[0] : int | IncorrectNumericConversion.go:54:3:54:36 | ... := ...[0] : int | IncorrectNumericConversion.go:58:7:58:18 | type conversion | Incorrect type conversion of int from strconv.Atoi result to another numeric type |
| IncorrectNumericConversion.go:61:3:61:36 | ... := ...[0] : int | IncorrectNumericConversion.go:61:3:61:36 | ... := ...[0] : int | IncorrectNumericConversion.go:65:7:65:19 | type conversion | Incorrect type conversion of int from strconv.Atoi result to another numeric type |
| IncorrectNumericConversion.go:68:3:68:36 | ... := ...[0] : int | IncorrectNumericConversion.go:68:3:68:36 | ... := ...[0] : int | IncorrectNumericConversion.go:72:7:72:19 | type conversion | Incorrect type conversion of int from strconv.Atoi result to another numeric type |
| IncorrectNumericConversion.go:75:3:75:36 | ... := ...[0] : int | IncorrectNumericConversion.go:75:3:75:36 | ... := ...[0] : int | IncorrectNumericConversion.go:79:7:79:19 | type conversion | Incorrect type conversion of int from strconv.Atoi result to another numeric type |
| IncorrectNumericConversion.go:82:3:82:36 | ... := ...[0] : int | IncorrectNumericConversion.go:82:3:82:36 | ... := ...[0] : int | IncorrectNumericConversion.go:86:7:86:20 | type conversion | Incorrect type conversion of int from strconv.Atoi result to another numeric type |
| IncorrectNumericConversion.go:89:3:89:36 | ... := ...[0] : int | IncorrectNumericConversion.go:89:3:89:36 | ... := ...[0] : int | IncorrectNumericConversion.go:93:7:93:20 | type conversion | Incorrect type conversion of int from strconv.Atoi result to another numeric type |
| IncorrectNumericConversion.go:96:3:96:36 | ... := ...[0] : int | IncorrectNumericConversion.go:96:3:96:36 | ... := ...[0] : int | IncorrectNumericConversion.go:100:7:100:21 | type conversion | Incorrect type conversion of int from strconv.Atoi result to another numeric type |
| IncorrectNumericConversion.go:103:3:103:36 | ... := ...[0] : int | IncorrectNumericConversion.go:103:3:103:36 | ... := ...[0] : int | IncorrectNumericConversion.go:108:7:108:18 | type conversion | Incorrect type conversion of int from strconv.Atoi result to another numeric type |
| IncorrectNumericConversion.go:112:3:112:36 | ... := ...[0] : int | IncorrectNumericConversion.go:112:3:112:36 | ... := ...[0] : int | IncorrectNumericConversion.go:116:7:116:23 | type conversion | Incorrect type conversion of int from strconv.Atoi result to another numeric type |
