edges
nodes
| test.go:171:14:171:21 | password | semmle.label | password |
| test.go:172:17:172:24 | password | semmle.label | password |
| test.go:173:14:173:21 | password | semmle.label | password |
| test.go:174:18:174:25 | password | semmle.label | password |
| test.go:175:14:175:21 | password | semmle.label | password |
| test.go:176:13:176:20 | password | semmle.label | password |
| test.go:177:22:177:29 | password | semmle.label | password |
| test.go:178:15:178:22 | password | semmle.label | password |
| test.go:179:14:179:21 | password | semmle.label | password |
| test.go:180:13:180:20 | password | semmle.label | password |
| test.go:181:16:181:23 | password | semmle.label | password |
| test.go:182:13:182:20 | password | semmle.label | password |
| test.go:183:16:183:23 | password | semmle.label | password |
| test.go:184:13:184:20 | password | semmle.label | password |
| test.go:185:17:185:24 | password | semmle.label | password |
| test.go:186:13:186:20 | password | semmle.label | password |
| test.go:187:12:187:19 | password | semmle.label | password |
| test.go:188:21:188:28 | password | semmle.label | password |
| test.go:189:14:189:21 | password | semmle.label | password |
| test.go:190:13:190:20 | password | semmle.label | password |
| test.go:191:12:191:19 | password | semmle.label | password |
| test.go:192:15:192:22 | password | semmle.label | password |
| test.go:193:15:193:22 | password | semmle.label | password |
| test.go:194:18:194:25 | password | semmle.label | password |
| test.go:195:15:195:22 | password | semmle.label | password |
| test.go:196:19:196:26 | password | semmle.label | password |
| test.go:197:15:197:22 | password | semmle.label | password |
| test.go:198:14:198:21 | password | semmle.label | password |
| test.go:199:23:199:30 | password | semmle.label | password |
| test.go:200:16:200:23 | password | semmle.label | password |
| test.go:201:15:201:22 | password | semmle.label | password |
| test.go:202:14:202:21 | password | semmle.label | password |
| test.go:203:17:203:24 | password | semmle.label | password |
| test.go:204:16:204:23 | password | semmle.label | password |
subpaths
#select
| test.go:171:14:171:21 | password | test.go:171:14:171:21 | password | test.go:171:14:171:21 | password | $@ flows to a logging call. | test.go:171:14:171:21 | password | Sensitive data returned by an access to password |
| test.go:172:17:172:24 | password | test.go:172:17:172:24 | password | test.go:172:17:172:24 | password | $@ flows to a logging call. | test.go:172:17:172:24 | password | Sensitive data returned by an access to password |
| test.go:173:14:173:21 | password | test.go:173:14:173:21 | password | test.go:173:14:173:21 | password | $@ flows to a logging call. | test.go:173:14:173:21 | password | Sensitive data returned by an access to password |
| test.go:174:18:174:25 | password | test.go:174:18:174:25 | password | test.go:174:18:174:25 | password | $@ flows to a logging call. | test.go:174:18:174:25 | password | Sensitive data returned by an access to password |
| test.go:175:14:175:21 | password | test.go:175:14:175:21 | password | test.go:175:14:175:21 | password | $@ flows to a logging call. | test.go:175:14:175:21 | password | Sensitive data returned by an access to password |
| test.go:176:13:176:20 | password | test.go:176:13:176:20 | password | test.go:176:13:176:20 | password | $@ flows to a logging call. | test.go:176:13:176:20 | password | Sensitive data returned by an access to password |
| test.go:177:22:177:29 | password | test.go:177:22:177:29 | password | test.go:177:22:177:29 | password | $@ flows to a logging call. | test.go:177:22:177:29 | password | Sensitive data returned by an access to password |
| test.go:178:15:178:22 | password | test.go:178:15:178:22 | password | test.go:178:15:178:22 | password | $@ flows to a logging call. | test.go:178:15:178:22 | password | Sensitive data returned by an access to password |
| test.go:179:14:179:21 | password | test.go:179:14:179:21 | password | test.go:179:14:179:21 | password | $@ flows to a logging call. | test.go:179:14:179:21 | password | Sensitive data returned by an access to password |
| test.go:180:13:180:20 | password | test.go:180:13:180:20 | password | test.go:180:13:180:20 | password | $@ flows to a logging call. | test.go:180:13:180:20 | password | Sensitive data returned by an access to password |
| test.go:181:16:181:23 | password | test.go:181:16:181:23 | password | test.go:181:16:181:23 | password | $@ flows to a logging call. | test.go:181:16:181:23 | password | Sensitive data returned by an access to password |
| test.go:182:13:182:20 | password | test.go:182:13:182:20 | password | test.go:182:13:182:20 | password | $@ flows to a logging call. | test.go:182:13:182:20 | password | Sensitive data returned by an access to password |
| test.go:183:16:183:23 | password | test.go:183:16:183:23 | password | test.go:183:16:183:23 | password | $@ flows to a logging call. | test.go:183:16:183:23 | password | Sensitive data returned by an access to password |
| test.go:184:13:184:20 | password | test.go:184:13:184:20 | password | test.go:184:13:184:20 | password | $@ flows to a logging call. | test.go:184:13:184:20 | password | Sensitive data returned by an access to password |
| test.go:185:17:185:24 | password | test.go:185:17:185:24 | password | test.go:185:17:185:24 | password | $@ flows to a logging call. | test.go:185:17:185:24 | password | Sensitive data returned by an access to password |
| test.go:186:13:186:20 | password | test.go:186:13:186:20 | password | test.go:186:13:186:20 | password | $@ flows to a logging call. | test.go:186:13:186:20 | password | Sensitive data returned by an access to password |
| test.go:187:12:187:19 | password | test.go:187:12:187:19 | password | test.go:187:12:187:19 | password | $@ flows to a logging call. | test.go:187:12:187:19 | password | Sensitive data returned by an access to password |
| test.go:188:21:188:28 | password | test.go:188:21:188:28 | password | test.go:188:21:188:28 | password | $@ flows to a logging call. | test.go:188:21:188:28 | password | Sensitive data returned by an access to password |
| test.go:189:14:189:21 | password | test.go:189:14:189:21 | password | test.go:189:14:189:21 | password | $@ flows to a logging call. | test.go:189:14:189:21 | password | Sensitive data returned by an access to password |
| test.go:190:13:190:20 | password | test.go:190:13:190:20 | password | test.go:190:13:190:20 | password | $@ flows to a logging call. | test.go:190:13:190:20 | password | Sensitive data returned by an access to password |
| test.go:191:12:191:19 | password | test.go:191:12:191:19 | password | test.go:191:12:191:19 | password | $@ flows to a logging call. | test.go:191:12:191:19 | password | Sensitive data returned by an access to password |
| test.go:192:15:192:22 | password | test.go:192:15:192:22 | password | test.go:192:15:192:22 | password | $@ flows to a logging call. | test.go:192:15:192:22 | password | Sensitive data returned by an access to password |
| test.go:193:15:193:22 | password | test.go:193:15:193:22 | password | test.go:193:15:193:22 | password | $@ flows to a logging call. | test.go:193:15:193:22 | password | Sensitive data returned by an access to password |
| test.go:194:18:194:25 | password | test.go:194:18:194:25 | password | test.go:194:18:194:25 | password | $@ flows to a logging call. | test.go:194:18:194:25 | password | Sensitive data returned by an access to password |
| test.go:195:15:195:22 | password | test.go:195:15:195:22 | password | test.go:195:15:195:22 | password | $@ flows to a logging call. | test.go:195:15:195:22 | password | Sensitive data returned by an access to password |
| test.go:196:19:196:26 | password | test.go:196:19:196:26 | password | test.go:196:19:196:26 | password | $@ flows to a logging call. | test.go:196:19:196:26 | password | Sensitive data returned by an access to password |
| test.go:197:15:197:22 | password | test.go:197:15:197:22 | password | test.go:197:15:197:22 | password | $@ flows to a logging call. | test.go:197:15:197:22 | password | Sensitive data returned by an access to password |
| test.go:198:14:198:21 | password | test.go:198:14:198:21 | password | test.go:198:14:198:21 | password | $@ flows to a logging call. | test.go:198:14:198:21 | password | Sensitive data returned by an access to password |
| test.go:199:23:199:30 | password | test.go:199:23:199:30 | password | test.go:199:23:199:30 | password | $@ flows to a logging call. | test.go:199:23:199:30 | password | Sensitive data returned by an access to password |
| test.go:200:16:200:23 | password | test.go:200:16:200:23 | password | test.go:200:16:200:23 | password | $@ flows to a logging call. | test.go:200:16:200:23 | password | Sensitive data returned by an access to password |
| test.go:201:15:201:22 | password | test.go:201:15:201:22 | password | test.go:201:15:201:22 | password | $@ flows to a logging call. | test.go:201:15:201:22 | password | Sensitive data returned by an access to password |
| test.go:202:14:202:21 | password | test.go:202:14:202:21 | password | test.go:202:14:202:21 | password | $@ flows to a logging call. | test.go:202:14:202:21 | password | Sensitive data returned by an access to password |
| test.go:203:17:203:24 | password | test.go:203:17:203:24 | password | test.go:203:17:203:24 | password | $@ flows to a logging call. | test.go:203:17:203:24 | password | Sensitive data returned by an access to password |
| test.go:204:16:204:23 | password | test.go:204:16:204:23 | password | test.go:204:16:204:23 | password | $@ flows to a logging call. | test.go:204:16:204:23 | password | Sensitive data returned by an access to password |
