| src/main/java/com/example/WeakHashing.java:14:55:14:83 | getProperty(...) |