| Test1/EditProfile.aspx.cs:9:20:9:29 | btn1_Click | This action is missing an authorization check. |
| Test1/ViewProfile.aspx.cs:12:20:12:36 | btn_delete1_Click | This action is missing an authorization check. |
| Test3/B/EditProfile.aspx.cs:7:20:7:29 | btn1_Click | This action is missing an authorization check. |
