edges
| JsonHijacking.java:28:32:28:68 | getParameter(...) : String | JsonHijacking.java:33:16:33:24 | resultStr |
| JsonHijacking.java:32:21:32:54 | ... + ... : String | JsonHijacking.java:33:16:33:24 | resultStr |
| JsonHijacking.java:40:32:40:68 | getParameter(...) : String | JsonHijacking.java:44:16:44:24 | resultStr |
| JsonHijacking.java:42:21:42:80 | ... + ... : String | JsonHijacking.java:44:16:44:24 | resultStr |
| JsonHijacking.java:51:32:51:68 | getParameter(...) : String | JsonHijacking.java:54:16:54:24 | resultStr |
| JsonHijacking.java:53:21:53:55 | ... + ... : String | JsonHijacking.java:54:16:54:24 | resultStr |
| JsonHijacking.java:61:32:61:68 | getParameter(...) : String | JsonHijacking.java:64:16:64:24 | resultStr |
| JsonHijacking.java:63:21:63:54 | ... + ... : String | JsonHijacking.java:64:16:64:24 | resultStr |
| JsonHijacking.java:72:32:72:68 | getParameter(...) : String | JsonHijacking.java:80:20:80:28 | resultStr |
| JsonHijacking.java:79:21:79:54 | ... + ... : String | JsonHijacking.java:80:20:80:28 | resultStr |
| JsonHijacking.java:88:32:88:68 | getParameter(...) : String | JsonHijacking.java:95:20:95:28 | resultStr |
| JsonHijacking.java:94:21:94:54 | ... + ... : String | JsonHijacking.java:95:20:95:28 | resultStr |
| JsonHijacking.java:102:32:102:68 | getParameter(...) : String | JsonHijacking.java:113:16:113:24 | resultStr |
nodes
| JsonHijacking.java:28:32:28:68 | getParameter(...) : String | semmle.label | getParameter(...) : String |
| JsonHijacking.java:32:21:32:54 | ... + ... : String | semmle.label | ... + ... : String |
| JsonHijacking.java:33:16:33:24 | resultStr | semmle.label | resultStr |
| JsonHijacking.java:33:16:33:24 | resultStr | semmle.label | resultStr |
| JsonHijacking.java:40:32:40:68 | getParameter(...) : String | semmle.label | getParameter(...) : String |
| JsonHijacking.java:42:21:42:80 | ... + ... : String | semmle.label | ... + ... : String |
| JsonHijacking.java:44:16:44:24 | resultStr | semmle.label | resultStr |
| JsonHijacking.java:44:16:44:24 | resultStr | semmle.label | resultStr |
| JsonHijacking.java:51:32:51:68 | getParameter(...) : String | semmle.label | getParameter(...) : String |
| JsonHijacking.java:53:21:53:55 | ... + ... : String | semmle.label | ... + ... : String |
| JsonHijacking.java:54:16:54:24 | resultStr | semmle.label | resultStr |
| JsonHijacking.java:54:16:54:24 | resultStr | semmle.label | resultStr |
| JsonHijacking.java:61:32:61:68 | getParameter(...) : String | semmle.label | getParameter(...) : String |
| JsonHijacking.java:63:21:63:54 | ... + ... : String | semmle.label | ... + ... : String |
| JsonHijacking.java:64:16:64:24 | resultStr | semmle.label | resultStr |
| JsonHijacking.java:64:16:64:24 | resultStr | semmle.label | resultStr |
| JsonHijacking.java:72:32:72:68 | getParameter(...) : String | semmle.label | getParameter(...) : String |
| JsonHijacking.java:79:21:79:54 | ... + ... : String | semmle.label | ... + ... : String |
| JsonHijacking.java:80:20:80:28 | resultStr | semmle.label | resultStr |
| JsonHijacking.java:80:20:80:28 | resultStr | semmle.label | resultStr |
| JsonHijacking.java:88:32:88:68 | getParameter(...) : String | semmle.label | getParameter(...) : String |
| JsonHijacking.java:94:21:94:54 | ... + ... : String | semmle.label | ... + ... : String |
| JsonHijacking.java:95:20:95:28 | resultStr | semmle.label | resultStr |
| JsonHijacking.java:95:20:95:28 | resultStr | semmle.label | resultStr |
| JsonHijacking.java:102:32:102:68 | getParameter(...) : String | semmle.label | getParameter(...) : String |
| JsonHijacking.java:113:16:113:24 | resultStr | semmle.label | resultStr |
#select
| JsonHijacking.java:33:16:33:24 | resultStr | JsonHijacking.java:28:32:28:68 | getParameter(...) : String | JsonHijacking.java:33:16:33:24 | resultStr | Json Hijacking query might include code from $@. | JsonHijacking.java:28:32:28:68 | getParameter(...) | this user input |
| JsonHijacking.java:44:16:44:24 | resultStr | JsonHijacking.java:40:32:40:68 | getParameter(...) : String | JsonHijacking.java:44:16:44:24 | resultStr | Json Hijacking query might include code from $@. | JsonHijacking.java:40:32:40:68 | getParameter(...) | this user input |
| JsonHijacking.java:54:16:54:24 | resultStr | JsonHijacking.java:51:32:51:68 | getParameter(...) : String | JsonHijacking.java:54:16:54:24 | resultStr | Json Hijacking query might include code from $@. | JsonHijacking.java:51:32:51:68 | getParameter(...) | this user input |
| JsonHijacking.java:64:16:64:24 | resultStr | JsonHijacking.java:61:32:61:68 | getParameter(...) : String | JsonHijacking.java:64:16:64:24 | resultStr | Json Hijacking query might include code from $@. | JsonHijacking.java:61:32:61:68 | getParameter(...) | this user input |
| JsonHijacking.java:80:20:80:28 | resultStr | JsonHijacking.java:72:32:72:68 | getParameter(...) : String | JsonHijacking.java:80:20:80:28 | resultStr | Json Hijacking query might include code from $@. | JsonHijacking.java:72:32:72:68 | getParameter(...) | this user input |
| JsonHijacking.java:95:20:95:28 | resultStr | JsonHijacking.java:88:32:88:68 | getParameter(...) : String | JsonHijacking.java:95:20:95:28 | resultStr | Json Hijacking query might include code from $@. | JsonHijacking.java:88:32:88:68 | getParameter(...) | this user input |
