| postfix.swift:1:5:1:6 | call to ...(_:) | getFunction: | postfix.swift:1:6:1:6 | ....(_:) |
| postfix.swift:7:1:7:2 | call to \u2757(_:) | getFunction: | postfix.swift:7:2:7:2 | \u2757(_:) |
