| arrayGetsSets.kt:12:3:12:7 | ...[...] | arrayGetsSets.kt:12:3:12:7 | ...=... |
| arrayGetsSets.kt:12:11:12:15 | ...[...] | arrayGetsSets.kt:12:3:12:7 | ...=... |
| arrayGetsSets.kt:13:3:13:7 | ...[...] | arrayGetsSets.kt:13:3:13:7 | ...=... |
| arrayGetsSets.kt:13:11:13:15 | ...[...] | arrayGetsSets.kt:13:3:13:7 | ...=... |
| arrayGetsSets.kt:14:3:14:7 | ...[...] | arrayGetsSets.kt:14:3:14:7 | ...=... |
| arrayGetsSets.kt:14:11:14:15 | ...[...] | arrayGetsSets.kt:14:3:14:7 | ...=... |
| arrayGetsSets.kt:15:3:15:7 | ...[...] | arrayGetsSets.kt:15:3:15:7 | ...=... |
| arrayGetsSets.kt:15:11:15:15 | ...[...] | arrayGetsSets.kt:15:3:15:7 | ...=... |
| arrayGetsSets.kt:16:3:16:7 | ...[...] | arrayGetsSets.kt:16:3:16:7 | ...=... |
| arrayGetsSets.kt:16:11:16:15 | ...[...] | arrayGetsSets.kt:16:3:16:7 | ...=... |
| arrayGetsSets.kt:17:3:17:7 | ...[...] | arrayGetsSets.kt:17:3:17:7 | ...=... |
| arrayGetsSets.kt:17:11:17:15 | ...[...] | arrayGetsSets.kt:17:3:17:7 | ...=... |
| arrayGetsSets.kt:18:3:18:7 | ...[...] | arrayGetsSets.kt:18:3:18:7 | ...=... |
| arrayGetsSets.kt:18:11:18:15 | ...[...] | arrayGetsSets.kt:18:3:18:7 | ...=... |
| arrayGetsSets.kt:19:3:19:7 | ...[...] | arrayGetsSets.kt:19:3:19:7 | ...=... |
| arrayGetsSets.kt:19:11:19:15 | ...[...] | arrayGetsSets.kt:19:3:19:7 | ...=... |
| arrayGetsSets.kt:20:3:20:7 | ...[...] | arrayGetsSets.kt:20:3:20:7 | ...=... |
| arrayGetsSets.kt:20:11:20:15 | ...[...] | arrayGetsSets.kt:20:3:20:7 | ...=... |
