edges
| Test.java:6:31:6:41 | data : byte[] | Test.java:7:23:7:26 | data : byte[] |
| Test.java:7:23:7:26 | data : byte[] | Test.java:7:12:7:51 | new String(...) : String |
| Test.java:14:5:14:25 | getInputStream(...) : InputStream | Test.java:14:32:14:35 | data [post update] : byte[] |
| Test.java:14:32:14:35 | data [post update] : byte[] | Test.java:17:34:17:37 | data |
| Test.java:14:32:14:35 | data [post update] : byte[] | Test.java:20:69:20:72 | data : byte[] |
| Test.java:20:56:20:73 | byteToString(...) : String | Test.java:20:26:20:80 | ... + ... |
| Test.java:20:69:20:72 | data : byte[] | Test.java:6:31:6:41 | data : byte[] |
| Test.java:20:69:20:72 | data : byte[] | Test.java:20:56:20:73 | byteToString(...) : String |
nodes
| Test.java:6:31:6:41 | data : byte[] | semmle.label | data : byte[] |
| Test.java:7:12:7:51 | new String(...) : String | semmle.label | new String(...) : String |
| Test.java:7:23:7:26 | data : byte[] | semmle.label | data : byte[] |
| Test.java:14:5:14:25 | getInputStream(...) : InputStream | semmle.label | getInputStream(...) : InputStream |
| Test.java:14:32:14:35 | data [post update] : byte[] | semmle.label | data [post update] : byte[] |
| Test.java:17:34:17:37 | data | semmle.label | data |
| Test.java:20:26:20:80 | ... + ... | semmle.label | ... + ... |
| Test.java:20:56:20:73 | byteToString(...) : String | semmle.label | byteToString(...) : String |
| Test.java:20:69:20:72 | data : byte[] | semmle.label | data : byte[] |
subpaths
| Test.java:20:69:20:72 | data : byte[] | Test.java:6:31:6:41 | data : byte[] | Test.java:7:12:7:51 | new String(...) : String | Test.java:20:56:20:73 | byteToString(...) : String |
#select
| Test.java:17:34:17:37 | data | Test.java:14:5:14:25 | getInputStream(...) : InputStream | Test.java:17:34:17:37 | data | This is some kind of threat model thingy $@. | Test.java:14:5:14:25 | getInputStream(...) | Source of that thingy |
| Test.java:20:26:20:80 | ... + ... | Test.java:14:5:14:25 | getInputStream(...) : InputStream | Test.java:20:26:20:80 | ... + ... | This is some kind of threat model thingy $@. | Test.java:14:5:14:25 | getInputStream(...) | Source of that thingy |
