getMethod
| calls.rb:15:1:24:3 | M | instance_m | calls.rb:16:5:16:23 | instance_m |
| calls.rb:29:1:44:3 | C | baz | calls.rb:37:5:43:7 | baz |
| calls.rb:51:1:55:3 | D | baz | calls.rb:52:5:54:7 | baz |
| file://:0:0:0:0 | Object | foo | calls.rb:1:1:3:3 | foo |
| hello.rb:1:1:8:3 | EnglishWords | hello | hello.rb:2:5:4:7 | hello |
| hello.rb:1:1:8:3 | EnglishWords | world | hello.rb:5:5:7:7 | world |
| hello.rb:11:1:16:3 | Greeting | message | hello.rb:13:5:15:7 | message |
| hello.rb:18:1:22:3 | HelloWorld | message | hello.rb:19:5:21:7 | message |
| modules.rb:4:1:24:3 | Foo | method_in_another_definition_of_foo | modules.rb:27:3:28:5 | method_in_another_definition_of_foo |
| modules.rb:4:1:24:3 | Foo | method_in_foo | modules.rb:16:3:17:5 | method_in_foo |
| modules.rb:5:3:14:5 | Foo::Bar | method_in_another_definition_of_foo_bar | modules.rb:52:3:53:5 | method_in_another_definition_of_foo_bar |
| modules.rb:5:3:14:5 | Foo::Bar | method_in_foo_bar | modules.rb:9:5:10:7 | method_in_foo_bar |
| modules.rb:37:1:46:3 | Bar | method_a | modules.rb:38:3:39:5 | method_a |
| modules.rb:37:1:46:3 | Bar | method_b | modules.rb:41:3:42:5 | method_b |
lookupMethod
| calls.rb:15:1:24:3 | M | instance_m | calls.rb:16:5:16:23 | instance_m |
| calls.rb:29:1:44:3 | C | baz | calls.rb:37:5:43:7 | baz |
| calls.rb:29:1:44:3 | C | foo | calls.rb:1:1:3:3 | foo |
| calls.rb:29:1:44:3 | C | instance_m | calls.rb:16:5:16:23 | instance_m |
| calls.rb:51:1:55:3 | D | baz | calls.rb:52:5:54:7 | baz |
| calls.rb:51:1:55:3 | D | foo | calls.rb:1:1:3:3 | foo |
| calls.rb:51:1:55:3 | D | instance_m | calls.rb:16:5:16:23 | instance_m |
| file://:0:0:0:0 | Array | foo | calls.rb:1:1:3:3 | foo |
| file://:0:0:0:0 | Boolean | foo | calls.rb:1:1:3:3 | foo |
| file://:0:0:0:0 | Class | foo | calls.rb:1:1:3:3 | foo |
| file://:0:0:0:0 | Complex | foo | calls.rb:1:1:3:3 | foo |
| file://:0:0:0:0 | Float | foo | calls.rb:1:1:3:3 | foo |
| file://:0:0:0:0 | Hash | foo | calls.rb:1:1:3:3 | foo |
| file://:0:0:0:0 | Integer | foo | calls.rb:1:1:3:3 | foo |
| file://:0:0:0:0 | Module | foo | calls.rb:1:1:3:3 | foo |
| file://:0:0:0:0 | NilClass | foo | calls.rb:1:1:3:3 | foo |
| file://:0:0:0:0 | Numeric | foo | calls.rb:1:1:3:3 | foo |
| file://:0:0:0:0 | Object | foo | calls.rb:1:1:3:3 | foo |
| file://:0:0:0:0 | Rational | foo | calls.rb:1:1:3:3 | foo |
| hello.rb:1:1:8:3 | EnglishWords | hello | hello.rb:2:5:4:7 | hello |
| hello.rb:1:1:8:3 | EnglishWords | world | hello.rb:5:5:7:7 | world |
| hello.rb:11:1:16:3 | Greeting | foo | calls.rb:1:1:3:3 | foo |
| hello.rb:11:1:16:3 | Greeting | hello | hello.rb:2:5:4:7 | hello |
| hello.rb:11:1:16:3 | Greeting | message | hello.rb:13:5:15:7 | message |
| hello.rb:11:1:16:3 | Greeting | world | hello.rb:5:5:7:7 | world |
| hello.rb:18:1:22:3 | HelloWorld | foo | calls.rb:1:1:3:3 | foo |
| hello.rb:18:1:22:3 | HelloWorld | hello | hello.rb:2:5:4:7 | hello |
| hello.rb:18:1:22:3 | HelloWorld | message | hello.rb:19:5:21:7 | message |
| hello.rb:18:1:22:3 | HelloWorld | world | hello.rb:5:5:7:7 | world |
| modules.rb:4:1:24:3 | Foo | method_in_another_definition_of_foo | modules.rb:27:3:28:5 | method_in_another_definition_of_foo |
| modules.rb:4:1:24:3 | Foo | method_in_foo | modules.rb:16:3:17:5 | method_in_foo |
| modules.rb:5:3:14:5 | Foo::Bar | method_in_another_definition_of_foo_bar | modules.rb:52:3:53:5 | method_in_another_definition_of_foo_bar |
| modules.rb:5:3:14:5 | Foo::Bar | method_in_foo_bar | modules.rb:9:5:10:7 | method_in_foo_bar |
| modules.rb:6:5:7:7 | Foo::Bar::ClassInFooBar | foo | calls.rb:1:1:3:3 | foo |
| modules.rb:19:3:20:5 | Foo::ClassInFoo | foo | calls.rb:1:1:3:3 | foo |
| modules.rb:30:3:31:5 | Foo::ClassInAnotherDefinitionOfFoo | foo | calls.rb:1:1:3:3 | foo |
| modules.rb:37:1:46:3 | Bar | foo | calls.rb:1:1:3:3 | foo |
| modules.rb:37:1:46:3 | Bar | method_a | modules.rb:38:3:39:5 | method_a |
| modules.rb:37:1:46:3 | Bar | method_b | modules.rb:41:3:42:5 | method_b |
| modules.rb:49:3:50:5 | Foo::Bar::ClassInAnotherDefinitionOfFooBar | foo | calls.rb:1:1:3:3 | foo |
| modules.rb:66:5:67:7 | Test::Foo1::Bar | foo | calls.rb:1:1:3:3 | foo |
| modules.rb:72:5:73:7 | Test::Foo2::Foo2::Bar | foo | calls.rb:1:1:3:3 | foo |
| modules.rb:112:1:113:3 | YY | foo | calls.rb:1:1:3:3 | foo |
| modules.rb:116:7:117:9 | XX::YY | foo | calls.rb:1:1:3:3 | foo |
