| fasthttp.go:14:42:14:57 | "127.0.0.1:8909" |
| fasthttp.go:15:32:15:46 | "google.com:80" |
| fasthttp.go:16:39:16:53 | "google.com:80" |
| fasthttp.go:17:48:17:62 | "google.com:80" |
| fasthttp.go:28:24:28:46 | "http://127.0.0.1:8909" |
| fasthttp.go:29:32:29:54 | "http://127.0.0.1:8909" |
| fasthttp.go:30:31:30:53 | "http://127.0.0.1:8909" |
| fasthttp.go:31:25:31:47 | "http://127.0.0.1:8909" |
| fasthttp.go:33:14:33:16 | req |
| fasthttp.go:34:23:34:25 | req |
| fasthttp.go:35:22:35:24 | req |
| fasthttp.go:36:21:36:23 | req |
| fasthttp.go:55:26:55:48 | "http://127.0.0.1:8909" |
| fasthttp.go:56:34:56:56 | "http://127.0.0.1:8909" |
| fasthttp.go:57:33:57:55 | "http://127.0.0.1:8909" |
| fasthttp.go:58:27:58:49 | "http://127.0.0.1:8909" |
| fasthttp.go:59:16:59:18 | req |
| fasthttp.go:60:24:60:26 | req |
| fasthttp.go:61:25:61:27 | req |
| fasthttp.go:62:23:62:25 | req |
| fasthttp.go:66:14:66:16 | req |
| fasthttp.go:67:22:67:24 | req |
| fasthttp.go:68:21:68:23 | req |
| fasthttp.go:71:13:71:19 | resByte |
| fasthttp.go:72:21:72:27 | resByte |
| fasthttp.go:73:20:73:26 | resByte |
| fasthttp.go:74:14:74:20 | resByte |
| fasthttp.go:75:12:75:14 | req |
| fasthttp.go:76:20:76:22 | req |
| fasthttp.go:77:21:77:23 | req |
| fasthttp.go:78:19:78:21 | req |
| fasthttp.go:81:20:81:22 | req |
| fasthttp.go:82:28:82:30 | req |
| fasthttp.go:83:27:83:29 | req |
| fasthttp.go:86:17:86:32 | "127.0.0.1:8909" |
| fasthttp.go:87:24:87:39 | "127.0.0.1:8909" |
| fasthttp.go:88:26:88:41 | "127.0.0.1:8909" |
| fasthttp.go:89:33:89:48 | "127.0.0.1:8909" |
