| Generated.kt:0:0:0:0 | Generated |
| generated/source/kapt/Generated.kt:0:0:0:0 | Generated |
