| meth | github.com/Semmle/go/ql/test/library-tests/semmle/go/Scopes.iHaveAMethod.meth |  | iHaveAMethod |
| meth | github.com/Semmle/go/ql/test/library-tests/semmle/go/Scopes.t.meth | recv | * t |
| meth1 | github.com/Semmle/go/ql/test/library-tests/semmle/go/Scopes.notImpl.meth1 |  | notImpl |
| meth1 | github.com/Semmle/go/ql/test/library-tests/semmle/go/Scopes.starImpl.meth1 |  | * starImpl |
| meth1 | github.com/Semmle/go/ql/test/library-tests/semmle/go/Scopes.twoMethods.meth1 |  | twoMethods |
| meth2 | github.com/Semmle/go/ql/test/library-tests/semmle/go/Scopes.notImpl.meth2 |  | notImpl |
| meth2 | github.com/Semmle/go/ql/test/library-tests/semmle/go/Scopes.starImpl.meth2 |  | starImpl |
| meth2 | github.com/Semmle/go/ql/test/library-tests/semmle/go/Scopes.twoMethods.meth2 |  | twoMethods |
