| Local Variable a | Variable a is not used |
| Local Variable b | Variable b is not used |
| Local Variable c | Variable c is not used |
| Local Variable var | Variable var is not used |
| Local Variable x | Variable x is not used |
