edges
| UnsafeJsEval.swift:165:10:165:37 | try ... | UnsafeJsEval.swift:201:21:201:35 | call to getRemoteData() |
| UnsafeJsEval.swift:165:14:165:37 | call to String.init(contentsOf:) | UnsafeJsEval.swift:165:10:165:37 | try ... |
| UnsafeJsEval.swift:201:21:201:35 | call to getRemoteData() | UnsafeJsEval.swift:205:7:205:7 | remoteString |
| UnsafeJsEval.swift:201:21:201:35 | call to getRemoteData() | UnsafeJsEval.swift:208:7:208:39 | ... .+(_:_:) ... |
| UnsafeJsEval.swift:201:21:201:35 | call to getRemoteData() | UnsafeJsEval.swift:211:24:211:37 | .utf8 |
| UnsafeJsEval.swift:204:7:204:66 | try! ... | UnsafeJsEval.swift:265:13:265:13 | string |
| UnsafeJsEval.swift:204:7:204:66 | try! ... | UnsafeJsEval.swift:268:13:268:13 | string |
| UnsafeJsEval.swift:204:7:204:66 | try! ... | UnsafeJsEval.swift:276:13:276:13 | string |
| UnsafeJsEval.swift:204:7:204:66 | try! ... | UnsafeJsEval.swift:279:13:279:13 | string |
| UnsafeJsEval.swift:204:12:204:66 | call to String.init(contentsOf:) | UnsafeJsEval.swift:204:7:204:66 | try! ... |
| UnsafeJsEval.swift:205:7:205:7 | remoteString | UnsafeJsEval.swift:265:13:265:13 | string |
| UnsafeJsEval.swift:205:7:205:7 | remoteString | UnsafeJsEval.swift:268:13:268:13 | string |
| UnsafeJsEval.swift:205:7:205:7 | remoteString | UnsafeJsEval.swift:276:13:276:13 | string |
| UnsafeJsEval.swift:205:7:205:7 | remoteString | UnsafeJsEval.swift:279:13:279:13 | string |
| UnsafeJsEval.swift:208:7:208:39 | ... .+(_:_:) ... | UnsafeJsEval.swift:265:13:265:13 | string |
| UnsafeJsEval.swift:208:7:208:39 | ... .+(_:_:) ... | UnsafeJsEval.swift:268:13:268:13 | string |
| UnsafeJsEval.swift:208:7:208:39 | ... .+(_:_:) ... | UnsafeJsEval.swift:276:13:276:13 | string |
| UnsafeJsEval.swift:208:7:208:39 | ... .+(_:_:) ... | UnsafeJsEval.swift:279:13:279:13 | string |
| UnsafeJsEval.swift:211:19:211:41 | call to Data.init(_:) | UnsafeJsEval.swift:214:24:214:24 | remoteData |
| UnsafeJsEval.swift:211:24:211:37 | .utf8 | UnsafeJsEval.swift:211:19:211:41 | call to Data.init(_:) |
| UnsafeJsEval.swift:214:7:214:49 | call to String.init(decoding:as:) | UnsafeJsEval.swift:265:13:265:13 | string |
| UnsafeJsEval.swift:214:7:214:49 | call to String.init(decoding:as:) | UnsafeJsEval.swift:268:13:268:13 | string |
| UnsafeJsEval.swift:214:7:214:49 | call to String.init(decoding:as:) | UnsafeJsEval.swift:276:13:276:13 | string |
| UnsafeJsEval.swift:214:7:214:49 | call to String.init(decoding:as:) | UnsafeJsEval.swift:279:13:279:13 | string |
| UnsafeJsEval.swift:214:24:214:24 | remoteData | UnsafeJsEval.swift:214:7:214:49 | call to String.init(decoding:as:) |
| UnsafeJsEval.swift:265:13:265:13 | string | UnsafeJsEval.swift:266:43:266:43 | string |
| UnsafeJsEval.swift:266:43:266:43 | string | UnsafeJsEval.swift:266:22:266:107 | call to WKUserScript.init(source:injectionTime:forMainFrameOnly:) |
| UnsafeJsEval.swift:268:13:268:13 | string | UnsafeJsEval.swift:269:43:269:43 | string |
| UnsafeJsEval.swift:269:43:269:43 | string | UnsafeJsEval.swift:269:22:269:124 | call to WKUserScript.init(source:injectionTime:forMainFrameOnly:in:) |
| UnsafeJsEval.swift:276:13:276:13 | string | UnsafeJsEval.swift:277:26:277:26 | string |
| UnsafeJsEval.swift:279:13:279:13 | string | UnsafeJsEval.swift:280:26:280:26 | string |
| UnsafeJsEval.swift:318:24:318:87 | call to String.init(contentsOf:) | UnsafeJsEval.swift:320:44:320:74 | ... .+(_:_:) ... |
nodes
| UnsafeJsEval.swift:165:10:165:37 | try ... | semmle.label | try ... |
| UnsafeJsEval.swift:165:14:165:37 | call to String.init(contentsOf:) | semmle.label | call to String.init(contentsOf:) |
| UnsafeJsEval.swift:201:21:201:35 | call to getRemoteData() | semmle.label | call to getRemoteData() |
| UnsafeJsEval.swift:204:7:204:66 | try! ... | semmle.label | try! ... |
| UnsafeJsEval.swift:204:12:204:66 | call to String.init(contentsOf:) | semmle.label | call to String.init(contentsOf:) |
| UnsafeJsEval.swift:205:7:205:7 | remoteString | semmle.label | remoteString |
| UnsafeJsEval.swift:208:7:208:39 | ... .+(_:_:) ... | semmle.label | ... .+(_:_:) ... |
| UnsafeJsEval.swift:211:19:211:41 | call to Data.init(_:) | semmle.label | call to Data.init(_:) |
| UnsafeJsEval.swift:211:24:211:37 | .utf8 | semmle.label | .utf8 |
| UnsafeJsEval.swift:214:7:214:49 | call to String.init(decoding:as:) | semmle.label | call to String.init(decoding:as:) |
| UnsafeJsEval.swift:214:24:214:24 | remoteData | semmle.label | remoteData |
| UnsafeJsEval.swift:265:13:265:13 | string | semmle.label | string |
| UnsafeJsEval.swift:266:22:266:107 | call to WKUserScript.init(source:injectionTime:forMainFrameOnly:) | semmle.label | call to WKUserScript.init(source:injectionTime:forMainFrameOnly:) |
| UnsafeJsEval.swift:266:43:266:43 | string | semmle.label | string |
| UnsafeJsEval.swift:268:13:268:13 | string | semmle.label | string |
| UnsafeJsEval.swift:269:22:269:124 | call to WKUserScript.init(source:injectionTime:forMainFrameOnly:in:) | semmle.label | call to WKUserScript.init(source:injectionTime:forMainFrameOnly:in:) |
| UnsafeJsEval.swift:269:43:269:43 | string | semmle.label | string |
| UnsafeJsEval.swift:276:13:276:13 | string | semmle.label | string |
| UnsafeJsEval.swift:277:26:277:26 | string | semmle.label | string |
| UnsafeJsEval.swift:279:13:279:13 | string | semmle.label | string |
| UnsafeJsEval.swift:280:26:280:26 | string | semmle.label | string |
| UnsafeJsEval.swift:318:24:318:87 | call to String.init(contentsOf:) | semmle.label | call to String.init(contentsOf:) |
| UnsafeJsEval.swift:320:44:320:74 | ... .+(_:_:) ... | semmle.label | ... .+(_:_:) ... |
subpaths
#select
| UnsafeJsEval.swift:266:22:266:107 | call to WKUserScript.init(source:injectionTime:forMainFrameOnly:) | UnsafeJsEval.swift:165:14:165:37 | call to String.init(contentsOf:) | UnsafeJsEval.swift:266:22:266:107 | call to WKUserScript.init(source:injectionTime:forMainFrameOnly:) | Evaluation of uncontrolled JavaScript from a remote source. |
| UnsafeJsEval.swift:266:22:266:107 | call to WKUserScript.init(source:injectionTime:forMainFrameOnly:) | UnsafeJsEval.swift:204:12:204:66 | call to String.init(contentsOf:) | UnsafeJsEval.swift:266:22:266:107 | call to WKUserScript.init(source:injectionTime:forMainFrameOnly:) | Evaluation of uncontrolled JavaScript from a remote source. |
| UnsafeJsEval.swift:269:22:269:124 | call to WKUserScript.init(source:injectionTime:forMainFrameOnly:in:) | UnsafeJsEval.swift:165:14:165:37 | call to String.init(contentsOf:) | UnsafeJsEval.swift:269:22:269:124 | call to WKUserScript.init(source:injectionTime:forMainFrameOnly:in:) | Evaluation of uncontrolled JavaScript from a remote source. |
| UnsafeJsEval.swift:269:22:269:124 | call to WKUserScript.init(source:injectionTime:forMainFrameOnly:in:) | UnsafeJsEval.swift:204:12:204:66 | call to String.init(contentsOf:) | UnsafeJsEval.swift:269:22:269:124 | call to WKUserScript.init(source:injectionTime:forMainFrameOnly:in:) | Evaluation of uncontrolled JavaScript from a remote source. |
| UnsafeJsEval.swift:277:26:277:26 | string | UnsafeJsEval.swift:165:14:165:37 | call to String.init(contentsOf:) | UnsafeJsEval.swift:277:26:277:26 | string | Evaluation of uncontrolled JavaScript from a remote source. |
| UnsafeJsEval.swift:277:26:277:26 | string | UnsafeJsEval.swift:204:12:204:66 | call to String.init(contentsOf:) | UnsafeJsEval.swift:277:26:277:26 | string | Evaluation of uncontrolled JavaScript from a remote source. |
| UnsafeJsEval.swift:280:26:280:26 | string | UnsafeJsEval.swift:165:14:165:37 | call to String.init(contentsOf:) | UnsafeJsEval.swift:280:26:280:26 | string | Evaluation of uncontrolled JavaScript from a remote source. |
| UnsafeJsEval.swift:280:26:280:26 | string | UnsafeJsEval.swift:204:12:204:66 | call to String.init(contentsOf:) | UnsafeJsEval.swift:280:26:280:26 | string | Evaluation of uncontrolled JavaScript from a remote source. |
| UnsafeJsEval.swift:320:44:320:74 | ... .+(_:_:) ... | UnsafeJsEval.swift:318:24:318:87 | call to String.init(contentsOf:) | UnsafeJsEval.swift:320:44:320:74 | ... .+(_:_:) ... | Evaluation of uncontrolled JavaScript from a remote source. |
