| file://:0:0:0:0 | [summary] read: argument position 0.List element in builtins.frozenset | file://:0:0:0:0 | [summary] to write: return (return).Set element in builtins.frozenset |
| file://:0:0:0:0 | [summary] read: argument position 0.List element in builtins.list | file://:0:0:0:0 | [summary] to write: return (return).List element in builtins.list |
| file://:0:0:0:0 | [summary] read: argument position 0.List element in builtins.reversed | file://:0:0:0:0 | [summary] to write: return (return).List element in builtins.reversed |
| file://:0:0:0:0 | [summary] read: argument position 0.List element in builtins.set | file://:0:0:0:0 | [summary] to write: return (return).Set element in builtins.set |
| file://:0:0:0:0 | [summary] read: argument position 0.Set element in builtins.frozenset | file://:0:0:0:0 | [summary] to write: return (return).Set element in builtins.frozenset |
| file://:0:0:0:0 | [summary] read: argument position 0.Set element in builtins.list | file://:0:0:0:0 | [summary] to write: return (return).List element in builtins.list |
| file://:0:0:0:0 | [summary] read: argument position 0.Set element in builtins.set | file://:0:0:0:0 | [summary] to write: return (return).Set element in builtins.set |
| file://:0:0:0:0 | [summary] read: argument position 0.Tuple element at index 0 in builtins.frozenset | file://:0:0:0:0 | [summary] to write: return (return).Set element in builtins.frozenset |
| file://:0:0:0:0 | [summary] read: argument position 0.Tuple element at index 0 in builtins.list | file://:0:0:0:0 | [summary] to write: return (return).List element in builtins.list |
| file://:0:0:0:0 | [summary] read: argument position 0.Tuple element at index 0 in builtins.set | file://:0:0:0:0 | [summary] to write: return (return).Set element in builtins.set |
| file://:0:0:0:0 | [summary] read: argument position 0.Tuple element at index 0 in builtins.tuple | file://:0:0:0:0 | [summary] to write: return (return).Tuple element at index 0 in builtins.tuple |
| file://:0:0:0:0 | parameter position 0 of builtins.dict | file://:0:0:0:0 | [summary] to write: return (return) in builtins.dict |
| file://:0:0:0:0 | parameter position 0 of builtins.frozenset | file://:0:0:0:0 | [summary] to write: return (return) in builtins.frozenset |
| file://:0:0:0:0 | parameter position 0 of builtins.list | file://:0:0:0:0 | [summary] to write: return (return) in builtins.list |
| file://:0:0:0:0 | parameter position 0 of builtins.set | file://:0:0:0:0 | [summary] to write: return (return) in builtins.set |
| file://:0:0:0:0 | parameter position 0 of builtins.tuple | file://:0:0:0:0 | [summary] to write: return (return) in builtins.tuple |
| file://:0:0:0:0 | parameter position 1 of dict.setdefault | file://:0:0:0:0 | [summary] to write: return (return) in dict.setdefault |
| test.py:3:1:3:7 | GSSA Variable tainted | test.py:4:6:4:12 | ControlFlowNode for tainted |
| test.py:3:11:3:16 | ControlFlowNode for SOURCE | test.py:3:1:3:7 | GSSA Variable tainted |
| test.py:6:1:6:11 | ControlFlowNode for FunctionExpr | test.py:6:5:6:8 | GSSA Variable func |
| test.py:7:5:7:16 | SSA variable also_tainted | test.py:8:10:8:21 | ControlFlowNode for also_tainted |
| test.py:7:20:7:25 | ControlFlowNode for SOURCE | test.py:7:5:7:16 | SSA variable also_tainted |
