edges
| Crypto.go:16:9:16:16 | password : slice type | Crypto.go:19:25:19:27 | buf |
| Crypto.go:16:9:16:16 | password : slice type | Crypto.go:22:10:22:12 | buf |
| Crypto.go:16:9:16:16 | password : slice type | Crypto.go:25:16:25:18 | buf |
| Crypto.go:16:9:16:16 | password : slice type | Crypto.go:28:11:28:13 | buf |
nodes
| Crypto.go:16:9:16:16 | password : slice type | semmle.label | password : slice type |
| Crypto.go:19:25:19:27 | buf | semmle.label | buf |
| Crypto.go:22:10:22:12 | buf | semmle.label | buf |
| Crypto.go:25:16:25:18 | buf | semmle.label | buf |
| Crypto.go:28:11:28:13 | buf | semmle.label | buf |
#select
| Crypto.go:19:25:19:27 | buf | Crypto.go:16:9:16:16 | password : slice type | Crypto.go:19:25:19:27 | buf | Sensitive data is used in a weak cryptographic algorithm. |
| Crypto.go:22:10:22:12 | buf | Crypto.go:16:9:16:16 | password : slice type | Crypto.go:22:10:22:12 | buf | Sensitive data is used in a weak cryptographic algorithm. |
| Crypto.go:25:16:25:18 | buf | Crypto.go:16:9:16:16 | password : slice type | Crypto.go:25:16:25:18 | buf | Sensitive data is used in a weak cryptographic algorithm. |
| Crypto.go:28:11:28:13 | buf | Crypto.go:16:9:16:16 | password : slice type | Crypto.go:28:11:28:13 | buf | Sensitive data is used in a weak cryptographic algorithm. |
