| condition.go:14:5:14:34 | ...!=... | This sensitive comparision check can potentially be bypassed |
| condition.go:22:5:22:35 | ...!=... | This sensitive comparision check can potentially be bypassed |
| condition.go:30:5:30:35 | ...!=... | This sensitive comparision check can potentially be bypassed |
