| HTTParty.rb:5:1:5:35 | call to get | HTTParty.rb:5:1:5:35 | call to get |
| HTTParty.rb:7:1:7:55 | call to post | HTTParty.rb:7:1:7:55 | call to post |
| HTTParty.rb:9:1:9:54 | call to put | HTTParty.rb:9:1:9:54 | call to put |
| HTTParty.rb:11:1:11:56 | call to patch | HTTParty.rb:11:1:11:56 | call to patch |
| HTTParty.rb:15:9:15:46 | call to delete | HTTParty.rb:16:1:16:10 | call to body |
| HTTParty.rb:18:9:18:44 | call to head | HTTParty.rb:19:1:19:10 | call to body |
| HTTParty.rb:21:9:21:47 | call to options | HTTParty.rb:22:1:22:10 | call to body |
