| src/foo.rb:0:0:0:0 | src/foo.rb |  |
| src/vendor/cache/lib.rb:0:0:0:0 | src/vendor/cache/lib.rb |  |
