edges
| UseOfLessTrustedSource.java:16:21:16:33 | getClientIP(...) : String | UseOfLessTrustedSource.java:17:37:17:38 | ip |
| UseOfLessTrustedSource.java:24:21:24:33 | getClientIP(...) : String | UseOfLessTrustedSource.java:25:33:25:34 | ip |
| UseOfLessTrustedSource.java:45:27:45:62 | getHeader(...) : String | UseOfLessTrustedSource.java:49:16:49:37 | ...[...] : String |
| UseOfLessTrustedSource.java:49:16:49:37 | ...[...] : String | UseOfLessTrustedSource.java:16:21:16:33 | getClientIP(...) : String |
| UseOfLessTrustedSource.java:49:16:49:37 | ...[...] : String | UseOfLessTrustedSource.java:24:21:24:33 | getClientIP(...) : String |
nodes
| UseOfLessTrustedSource.java:16:21:16:33 | getClientIP(...) : String | semmle.label | getClientIP(...) : String |
| UseOfLessTrustedSource.java:17:37:17:38 | ip | semmle.label | ip |
| UseOfLessTrustedSource.java:24:21:24:33 | getClientIP(...) : String | semmle.label | getClientIP(...) : String |
| UseOfLessTrustedSource.java:25:33:25:34 | ip | semmle.label | ip |
| UseOfLessTrustedSource.java:45:27:45:62 | getHeader(...) : String | semmle.label | getHeader(...) : String |
| UseOfLessTrustedSource.java:49:16:49:37 | ...[...] : String | semmle.label | ...[...] : String |
#select
| UseOfLessTrustedSource.java:17:37:17:38 | ip | UseOfLessTrustedSource.java:45:27:45:62 | getHeader(...) : String | UseOfLessTrustedSource.java:17:37:17:38 | ip | IP address spoofing might include code from $@. | UseOfLessTrustedSource.java:45:27:45:62 | getHeader(...) | this user input |
| UseOfLessTrustedSource.java:25:33:25:34 | ip | UseOfLessTrustedSource.java:45:27:45:62 | getHeader(...) : String | UseOfLessTrustedSource.java:25:33:25:34 | ip | IP address spoofing might include code from $@. | UseOfLessTrustedSource.java:45:27:45:62 | getHeader(...) | this user input |
