| main.go:23:2:23:48 | call to Download |
| main.go:25:6:25:85 | call to SaveToFileWithBuffer |
| main.go:33:14:33:41 | call to MkdirAll |
| main.go:34:14:34:75 | call to WriteFile |
| main.go:35:14:35:77 | call to WriteFile |
| main.go:36:14:36:75 | call to WriteFile |
| main.go:37:16:37:45 | call to ReadFile |
| main.go:39:14:39:32 | call to Open |
| main.go:41:14:41:61 | call to SafeWriteReader |
| main.go:42:14:42:57 | call to WriteReader |
| main.go:48:14:48:47 | call to ReadFile |
| main.go:53:14:53:49 | call to ReadFile |
| main.go:58:14:58:52 | call to ReadFile |
| main.go:63:17:63:37 | call to Open |
| main.go:94:10:94:41 | call to File |
| main.go:98:10:98:72 | call to Attachment |
| main.go:108:7:108:34 | call to SaveFile |
| main.go:109:10:109:29 | call to SendFile |
| main.go:116:6:116:35 | call to SendFile |
| main.go:117:6:117:49 | call to SendFileWithRate |
| main.go:118:6:118:28 | call to ServeFile |
| main.go:119:6:119:42 | call to ServeFileWithRate |
| main.go:120:12:120:45 | call to UploadFormFiles |
| main.go:122:9:122:46 | call to SaveFormFile |
| main.go:129:3:129:18 | call to File |
| main.go:130:3:130:47 | call to ServeFile |
| main.go:131:3:131:53 | call to FileAttachment |
| main.go:133:7:133:40 | call to SaveUploadedFile |
