classes
| classes.rb:3:1:4:3 | Foo | Class | Foo |
| classes.rb:7:1:8:3 | Bar | Class | Bar |
| classes.rb:11:1:12:3 | Baz | Class | Baz |
| classes.rb:16:1:17:3 | MyClass | Class | MyClass |
| classes.rb:20:1:31:3 | Wibble | Class | Wibble |
classesWithScopeResolutionNames
| classes.rb:16:1:17:3 | MyClass | classes.rb:16:7:16:23 | ...::MyClass |
exprsInClasses
| classes.rb:20:1:31:3 | Wibble | 0 | classes.rb:21:3:23:5 | method_a | Method |
| classes.rb:20:1:31:3 | Wibble | 1 | classes.rb:25:3:27:5 | method_b | Method |
| classes.rb:20:1:31:3 | Wibble | 2 | classes.rb:29:3:29:20 | call to some_method_call | Call |
| classes.rb:20:1:31:3 | Wibble | 3 | classes.rb:30:3:30:19 | ... = ... | AssignExpr |
methodsInClasses
| classes.rb:20:1:31:3 | Wibble | classes.rb:21:3:23:5 | method_a |
| classes.rb:20:1:31:3 | Wibble | classes.rb:25:3:27:5 | method_b |
classesWithASuperclass
| classes.rb:11:1:12:3 | Baz | classes.rb:11:13:11:32 | call to superclass_for |
