| extlib.jar/extlib/A.class:0:0:0:0 | m |  |
| test.kt:4:12:4:22 | m | override, protected |
