| Test.kt:3:17:3:17 | x | This expression is implicitly unboxed. |
